TRAIN neural seed=17 device=cuda:0
  neural seed=17 epoch=1 batch=1/235 loss=1.0993 acc=0.3281
  neural seed=17 epoch=1 batch=50/235 loss=1.0702 acc=0.4097
  neural seed=17 epoch=1 batch=100/235 loss=1.0226 acc=0.4665
  neural seed=17 epoch=1 batch=150/235 loss=0.9917 acc=0.4958
  neural seed=17 epoch=1 batch=200/235 loss=0.9610 acc=0.5221
  DONE epoch=1, dev acc=0.6444, macroF1=0.6383
  neural seed=17 epoch=2 batch=1/235 loss=0.7838 acc=0.6602
  neural seed=17 epoch=2 batch=50/235 loss=0.8069 acc=0.6409
  neural seed=17 epoch=2 batch=100/235 loss=0.7925 acc=0.6486
  neural seed=17 epoch=2 batch=150/235 loss=0.7847 acc=0.6539
  neural seed=17 epoch=2 batch=200/235 loss=0.7752 acc=0.6602
  DONE epoch=2, dev acc=0.6984, macroF1=0.6955
  neural seed=17 epoch=3 batch=1/235 loss=0.6821 acc=0.7500
  neural seed=17 epoch=3 batch=50/235 loss=0.7054 acc=0.6999
  neural seed=17 epoch=3 batch=100/235 loss=0.6963 acc=0.7054
  neural seed=17 epoch=3 batch=150/235 loss=0.6962 acc=0.7064
  neural seed=17 epoch=3 batch=200/235 loss=0.6907 acc=0.7088
  DONE epoch=3, dev acc=0.7136, macroF1=0.7104
  neural seed=17 epoch=4 batch=1/235 loss=0.6206 acc=0.7539
  neural seed=17 epoch=4 batch=50/235 loss=0.6233 acc=0.7435
  neural seed=17 epoch=4 batch=100/235 loss=0.6302 acc=0.7409
  neural seed=17 epoch=4 batch=150/235 loss=0.6291 acc=0.7425
  neural seed=17 epoch=4 batch=200/235 loss=0.6230 acc=0.7451
  DONE epoch=4, dev acc=0.7230, macroF1=0.7198
TRAIN order_regularized seed=17 device=cuda:0
  order_regularized seed=17 epoch=1 batch=1/235 loss=1.1256 acc=0.3281
  order_regularized seed=17 epoch=1 batch=50/235 loss=1.0959 acc=0.4096
  order_regularized seed=17 epoch=1 batch=100/235 loss=1.0459 acc=0.4664
  order_regularized seed=17 epoch=1 batch=150/235 loss=1.0132 acc=0.4953
  order_regularized seed=17 epoch=1 batch=200/235 loss=0.9815 acc=0.5210
  DONE epoch=1, dev acc=0.6438, macroF1=0.6376
  order_regularized seed=17 epoch=2 batch=1/235 loss=0.8018 acc=0.6602
  order_regularized seed=17 epoch=2 batch=50/235 loss=0.8226 acc=0.6429
  order_regularized seed=17 epoch=2 batch=100/235 loss=0.8085 acc=0.6493
  order_regularized seed=17 epoch=2 batch=150/235 loss=0.8005 acc=0.6534
  order_regularized seed=17 epoch=2 batch=200/235 loss=0.7910 acc=0.6587
  DONE epoch=2, dev acc=0.6968, macroF1=0.6942
  order_regularized seed=17 epoch=3 batch=1/235 loss=0.6975 acc=0.7266
  order_regularized seed=17 epoch=3 batch=50/235 loss=0.7191 acc=0.6974
  order_regularized seed=17 epoch=3 batch=100/235 loss=0.7107 acc=0.7036
  order_regularized seed=17 epoch=3 batch=150/235 loss=0.7105 acc=0.7043
  order_regularized seed=17 epoch=3 batch=200/235 loss=0.7046 acc=0.7075
  DONE epoch=3, dev acc=0.7123, macroF1=0.7090
  order_regularized seed=17 epoch=4 batch=1/235 loss=0.6186 acc=0.7578
  order_regularized seed=17 epoch=4 batch=50/235 loss=0.6334 acc=0.7424
  order_regularized seed=17 epoch=4 batch=100/235 loss=0.6421 acc=0.7402
  order_regularized seed=17 epoch=4 batch=150/235 loss=0.6413 acc=0.7421
  order_regularized seed=17 epoch=4 batch=200/235 loss=0.6351 acc=0.7451
  DONE epoch=4, dev acc=0.7236, macroF1=0.7204
TRAIN neural seed=29 device=cuda:0
  neural seed=29 epoch=1 batch=1/235 loss=1.0972 acc=0.3555
  neural seed=29 epoch=1 batch=50/235 loss=1.0760 acc=0.3987
  neural seed=29 epoch=1 batch=100/235 loss=1.0232 acc=0.4637
  neural seed=29 epoch=1 batch=150/235 loss=0.9874 acc=0.4989
  neural seed=29 epoch=1 batch=200/235 loss=0.9628 acc=0.5216
  DONE epoch=1, dev acc=0.6455, macroF1=0.6425
  neural seed=29 epoch=2 batch=1/235 loss=0.8060 acc=0.6562
  neural seed=29 epoch=2 batch=50/235 loss=0.8170 acc=0.6366
  neural seed=29 epoch=2 batch=100/235 loss=0.8028 acc=0.6450
  neural seed=29 epoch=2 batch=150/235 loss=0.7900 acc=0.6525
  neural seed=29 epoch=2 batch=200/235 loss=0.7808 acc=0.6581
  DONE epoch=2, dev acc=0.7010, macroF1=0.6983
  neural seed=29 epoch=3 batch=1/235 loss=0.6825 acc=0.6758
  neural seed=29 epoch=3 batch=50/235 loss=0.6932 acc=0.7063
  neural seed=29 epoch=3 batch=100/235 loss=0.6973 acc=0.7056
  neural seed=29 epoch=3 batch=150/235 loss=0.6937 acc=0.7077
  neural seed=29 epoch=3 batch=200/235 loss=0.6918 acc=0.7091
  DONE epoch=3, dev acc=0.7252, macroF1=0.7258
  neural seed=29 epoch=4 batch=1/235 loss=0.6256 acc=0.7266
  neural seed=29 epoch=4 batch=50/235 loss=0.6248 acc=0.7396
  neural seed=29 epoch=4 batch=100/235 loss=0.6212 acc=0.7438
  neural seed=29 epoch=4 batch=150/235 loss=0.6175 acc=0.7462
  neural seed=29 epoch=4 batch=200/235 loss=0.6201 acc=0.7460
  DONE epoch=4, dev acc=0.7260, macroF1=0.7241
TRAIN order_regularized seed=29 device=cuda:0
  order_regularized seed=29 epoch=1 batch=1/235 loss=1.1223 acc=0.3555
  order_regularized seed=29 epoch=1 batch=50/235 loss=1.1016 acc=0.3998
  order_regularized seed=29 epoch=1 batch=100/235 loss=1.0459 acc=0.4637
  order_regularized seed=29 epoch=1 batch=150/235 loss=1.0082 acc=0.4994
  order_regularized seed=29 epoch=1 batch=200/235 loss=0.9828 acc=0.5217
  DONE epoch=1, dev acc=0.6417, macroF1=0.6383
  order_regularized seed=29 epoch=2 batch=1/235 loss=0.8251 acc=0.6562
  order_regularized seed=29 epoch=2 batch=50/235 loss=0.8346 acc=0.6332
  order_regularized seed=29 epoch=2 batch=100/235 loss=0.8196 acc=0.6429
  order_regularized seed=29 epoch=2 batch=150/235 loss=0.8064 acc=0.6504
  order_regularized seed=29 epoch=2 batch=200/235 loss=0.7972 acc=0.6560
  DONE epoch=2, dev acc=0.6972, macroF1=0.6946
  order_regularized seed=29 epoch=3 batch=1/235 loss=0.6936 acc=0.6836
  order_regularized seed=29 epoch=3 batch=50/235 loss=0.7086 acc=0.7044
  order_regularized seed=29 epoch=3 batch=100/235 loss=0.7120 acc=0.7037
  order_regularized seed=29 epoch=3 batch=150/235 loss=0.7083 acc=0.7058
  order_regularized seed=29 epoch=3 batch=200/235 loss=0.7062 acc=0.7069
  DONE epoch=3, dev acc=0.7220, macroF1=0.7228
  order_regularized seed=29 epoch=4 batch=1/235 loss=0.6418 acc=0.7109
  order_regularized seed=29 epoch=4 batch=50/235 loss=0.6388 acc=0.7370
  order_regularized seed=29 epoch=4 batch=100/235 loss=0.6352 acc=0.7419
  order_regularized seed=29 epoch=4 batch=150/235 loss=0.6309 acc=0.7442
  order_regularized seed=29 epoch=4 batch=200/235 loss=0.6330 acc=0.7447
  DONE epoch=4, dev acc=0.7248, macroF1=0.7228
TRAIN neural seed=43 device=cuda:0
  neural seed=43 epoch=1 batch=1/235 loss=1.1001 acc=0.3359
  neural seed=43 epoch=1 batch=50/235 loss=1.0620 acc=0.4273
  neural seed=43 epoch=1 batch=100/235 loss=1.0144 acc=0.4782
  neural seed=43 epoch=1 batch=150/235 loss=0.9814 acc=0.5085
  neural seed=43 epoch=1 batch=200/235 loss=0.9539 acc=0.5322
  DONE epoch=1, dev acc=0.6510, macroF1=0.6488
  neural seed=43 epoch=2 batch=1/235 loss=0.8144 acc=0.6367
  neural seed=43 epoch=2 batch=50/235 loss=0.7915 acc=0.6539
  neural seed=43 epoch=2 batch=100/235 loss=0.7901 acc=0.6532
  neural seed=43 epoch=2 batch=150/235 loss=0.7827 acc=0.6576
  neural seed=43 epoch=2 batch=200/235 loss=0.7749 acc=0.6623
  DONE epoch=2, dev acc=0.6910, macroF1=0.6868
  neural seed=43 epoch=3 batch=1/235 loss=0.6940 acc=0.7227
  neural seed=43 epoch=3 batch=50/235 loss=0.6992 acc=0.7035
  neural seed=43 epoch=3 batch=100/235 loss=0.6932 acc=0.7079
  neural seed=43 epoch=3 batch=150/235 loss=0.6900 acc=0.7096
  neural seed=43 epoch=3 batch=200/235 loss=0.6872 acc=0.7114
  DONE epoch=3, dev acc=0.7129, macroF1=0.7100
  neural seed=43 epoch=4 batch=1/235 loss=0.5578 acc=0.7695
  neural seed=43 epoch=4 batch=50/235 loss=0.6191 acc=0.7471
  neural seed=43 epoch=4 batch=100/235 loss=0.6185 acc=0.7457
  neural seed=43 epoch=4 batch=150/235 loss=0.6182 acc=0.7461
  neural seed=43 epoch=4 batch=200/235 loss=0.6212 acc=0.7440
  DONE epoch=4, dev acc=0.7370, macroF1=0.7369
TRAIN order_regularized seed=43 device=cuda:0
  order_regularized seed=43 epoch=1 batch=1/235 loss=1.1266 acc=0.3359
  order_regularized seed=43 epoch=1 batch=50/235 loss=1.0879 acc=0.4275
  order_regularized seed=43 epoch=1 batch=100/235 loss=1.0377 acc=0.4773
  order_regularized seed=43 epoch=1 batch=150/235 loss=1.0025 acc=0.5076
  order_regularized seed=43 epoch=1 batch=200/235 loss=0.9738 acc=0.5310
  DONE epoch=1, dev acc=0.6493, macroF1=0.6475
  order_regularized seed=43 epoch=2 batch=1/235 loss=0.8302 acc=0.6445
  order_regularized seed=43 epoch=2 batch=50/235 loss=0.8062 acc=0.6506
  order_regularized seed=43 epoch=2 batch=100/235 loss=0.8048 acc=0.6518
  order_regularized seed=43 epoch=2 batch=150/235 loss=0.7970 acc=0.6568
  order_regularized seed=43 epoch=2 batch=200/235 loss=0.7892 acc=0.6609
  DONE epoch=2, dev acc=0.6904, macroF1=0.6863
  order_regularized seed=43 epoch=3 batch=1/235 loss=0.7034 acc=0.7188
  order_regularized seed=43 epoch=3 batch=50/235 loss=0.7115 acc=0.7057
  order_regularized seed=43 epoch=3 batch=100/235 loss=0.7050 acc=0.7092
  order_regularized seed=43 epoch=3 batch=150/235 loss=0.7017 acc=0.7101
  order_regularized seed=43 epoch=3 batch=200/235 loss=0.6990 acc=0.7121
  DONE epoch=3, dev acc=0.7094, macroF1=0.7063
  order_regularized seed=43 epoch=4 batch=1/235 loss=0.5705 acc=0.7734
  order_regularized seed=43 epoch=4 batch=50/235 loss=0.6288 acc=0.7495
  order_regularized seed=43 epoch=4 batch=100/235 loss=0.6293 acc=0.7469
  order_regularized seed=43 epoch=4 batch=150/235 loss=0.6293 acc=0.7468
  order_regularized seed=43 epoch=4 batch=200/235 loss=0.6321 acc=0.7445
  DONE epoch=4, dev acc=0.7374, macroF1=0.7370
TEST neural_seed17: accuracy=0.7245, macroF1=0.7212
TEST order_regularized_seed17: accuracy=0.7222, macroF1=0.7186
TEST neural_seed29: accuracy=0.7277, macroF1=0.7248
TEST order_regularized_seed29: accuracy=0.7266, macroF1=0.7237
TEST neural_seed43: accuracy=0.7438, macroF1=0.7431
TEST order_regularized_seed43: accuracy=0.7412, macroF1=0.7406
{
  "aggregate": {
    "neural": {
      "accuracy": {
        "mean": 0.7319828990228013,
        "std": 0.010354755680805787
      },
      "macro_f1": {
        "mean": 0.7297086374481102,
        "std": 0.011760871403696364
      }
    },
    "order_regularized": {
      "accuracy": {
        "mean": 0.7300149294245385,
        "std": 0.009969509171674417
      },
      "macro_f1": {
        "mean": 0.7276507037860473,
        "std": 0.01149389743333054
      }
    }
  },
  "paired_difference": -0.001967969598262731,
  "ci": [
    -0.003732356134636265,
    -0.0001696525515743757
  ]
}
